pipewire
pipewire-alsa
pipewire-audio
pipewire-jack
pipewire-pulse
gst-plugin-pipewire
wireplumber
networkmanager
network-manager-applet
hyprland
hyprland-workspaces
hyprland-plugin-hyprexpo
hyprdwl-git
wallust
ripgrep
xorg-xwayland
polkit-gnome
ffmpeg
neovim
viewnior
pavucontrol
thunar
thunar-volman
starship
wl-clipboard
wf-recorder
swaybg
grimblast-git
ffmpegthumbnailer
tumbler
playerctl
noise-suppression-for-voice
thunar-archive-plugin
waybar
wlogout
swaylock-effects
sddm-git
pamixer
qt6tct
discord-canary
slack-desktop-wayland
obsidian
hunspell
hunspell-en_us
nwg-look
nordic-theme
papirus-icon-theme
dunst
ttf-nerd-fonts-symbols-common 
otf-firamono-nerd
xdg-desktop-portal-hyprland
xdg-desktop-portal-gtk
xdg-desktop-portal
swayidle
# nerd-fonts
ttf-mplus
linux-headers
linux-zen-headers
nm-connection-editor
ttf-dejavu
otf-latinmodern-math
noto-fonts
noto-fonts-cjk
noto-fonts-emoji
gvfs
lxappearance
kripton-theme-git
polkit
dbus brightnessctl
bluez
bluez-utils
blueman
zsh
zsh-completions
qt5-base
qt5-wayland
qt6-base
qt6-wayland
btop
swaync
mpv
mpv-mpris
wofi
visual-studio-code-bin
qt5ct
qt5-styleplugins
xorg-xhost
wdisplays
snapper
snap-pac
grub-btrfs
python-pip
gtk2
gtk3
gtk4
nordzy-cursors
ttf-meslo-nerd-font-powerlevel10k
gnome-keyring
libsecret
network-manager-applet
file-roller
waybar-module-pacman-updates-git
udiskie
fuse2
catppuccin-gtk-theme-mocha
thunar-media-tags-plugin
inotify-tools
github-cli
libxcrypt-compat
curl
unzip
hyprpicker
lsd
bat
cliphist
gamemode
snapper-gui-git
tty-clock-git
mpd
mpd-mpris
fwupd
reflector
rsync
wttrbar
nwg-drawer
nwg-dock-hyprland
wlr-randr
jaq
zenity
perl-rename
slurp
workstyle-git
find-unicode-git
ttf-font-awesome
 #hyprland-autoname-workspaces-git
nwg-launchers
cava
btrfs-assistant
cpupower-gui
sddm-conf
waybar-mpris-git
qt5-quickcontrols
qt5-quickcontrols2
qt5-graphicaleffects
rofi-lbonn-wayland-git
swww
slurp
swappy
pacman-contrib
imagemagick
qt5-imageformats
firefox
kitty
neofetch
vim
linux-lts-headers
catppuccin-gtk-theme-latte
clementine
gst-libav
gst-plugins-base
gst-plugins-good
oh-my-zsh-git
zsh-theme-powerlevel10k-git
zsh-syntax-highlighting-git
zsh-autosuggestions-git
cmake
shellcheck
rust
rust-analyzer
npm
isync
mu
zig
python-isort
python-pytest
stylelint
marked
aspell
haskell-language-server
ttf-jetbrains-mono
ttf-jetbrains-mono-nerd
ttf-ubuntu-font-family
ttf-ubuntu-mono-nerd
ccls
ttf-fira-code
ttf-firacode-nerd
ispell
python-pipenv
pyright
python-lsp-server
ninja
extra-cmake-modules
kwidgetsaddons
brightnessctl
hyprdwl-git
